contract/hardhat.config.ts(1,35): error TS2307: Cannot find module 'hardhat/config' or its corresponding type declarations.
  There are types at 'C:/Users/dimon/Documents/GITHUB - CCP/VoteBlock-web/contract/node_modules/hardhat/dist/src/config.d.ts', but this result could not be resolved under your current 'moduleResolution' setting. Consider updating to 'node16', 'nodenext', or 'bundler'.
contract/ignition/modules/Counter.ts(6,29): error TS2737: BigInt literals are not available when targeting lower than ES2020.
contract/node_modules/ox/core/Hex.ts(239,29): error TS2737: BigInt literals are not available when targeting lower than ES2020.
contract/node_modules/ox/core/Hex.ts(239,51): error TS2737: BigInt literals are not available when targeting lower than ES2020.
contract/node_modules/ox/core/Hex.ts(239,56): error TS2737: BigInt literals are not available when targeting lower than ES2020.
contract/node_modules/ox/core/Hex.ts(239,63): error TS2737: BigInt literals are not available when targeting lower than ES2020.
contract/node_modules/ox/core/Hex.ts(240,21): error TS2737: BigInt literals are not available when targeting lower than ES2020.
contract/node_modules/ox/core/Hex.ts(240,43): error TS2737: BigInt literals are not available when targeting lower than ES2020.
contract/node_modules/ox/core/Hex.ts(240,49): error TS2737: BigInt literals are not available when targeting lower than ES2020.
contract/node_modules/ox/core/Hex.ts(245,73): error TS2737: BigInt literals are not available when targeting lower than ES2020.
contract/node_modules/ox/core/Hex.ts(563,25): error TS2737: BigInt literals are not available when targeting lower than ES2020.
contract/node_modules/ox/core/Hex.ts(563,47): error TS2737: BigInt literals are not available when targeting lower than ES2020.
contract/node_modules/ox/core/Hex.ts(563,54): error TS2737: BigInt literals are not available when targeting lower than ES2020.
contract/node_modules/ox/core/Hex.ts(564,38): error TS2737: BigInt literals are not available when targeting lower than ES2020.
contract/node_modules/ox/core/Hex.ts(567,33): error TS2737: BigInt literals are not available when targeting lower than ES2020.
contract/node_modules/ox/core/internal/abiParameters.ts(451,24): error TS2345: Argument of type 'string | number | bigint | boolean | readonly (readonly (readonly (readonly (readonly (readonly (readonly (readonly (readonly (readonly (readonly ...[])[])[])[])[])[])[])[])[])[])[] | readonly (readonly (readonly (readonly (readonly (readonly (readonly (readonly (readonly (readonly (readonly ...[])[])[])[])[])[])[])...' is not assignable to parameter of type 'readonly (readonly (readonly (readonly (readonly (readonly (readonly (readonly (readonly (readonly (readonly ...[])[])[])[])[])[])[])[])[])[])[] | readonly (readonly (readonly (readonly (readonly (readonly (readonly (readonly (readonly (readonly (readonly ...[])[])[])[])[])[])[])[])[])[])[]'.
  Type 'string' is not assignable to type 'readonly (readonly (readonly (readonly (readonly (readonly (readonly (readonly (readonly (readonly (readonly ...[])[])[])[])[])[])[])[])[])[])[] | readonly (readonly (readonly (readonly (readonly (readonly (readonly (readonly (readonly (readonly (readonly ...[])[])[])[])[])[])[])[])[])[])[]'.
contract/node_modules/ox/core/internal/abiParameters.ts(688,17): error TS2737: BigInt literals are not available when targeting lower than ES2020.
contract/node_modules/ox/core/internal/abiParameters.ts(688,49): error TS2737: BigInt literals are not available when targeting lower than ES2020.
contract/node_modules/ox/core/internal/abiParameters.ts(688,54): error TS2737: BigInt literals are not available when targeting lower than ES2020.
contract/node_modules/ox/core/internal/abiParameters.ts(688,61): error TS2737: BigInt literals are not available when targeting lower than ES2020.
contract/node_modules/ox/core/internal/abiParameters.ts(689,33): error TS2737: BigInt literals are not available when targeting lower than ES2020.
contract/node_modules/ox/core/internal/abiParameters.ts(689,38): error TS2737: BigInt literals are not available when targeting lower than ES2020.
contract/node_modules/ox/core/internal/abiParameters.ts(762,7): error TS2322: Type 'readonly unknown[]' is not assignable to type 'readonly (readonly (readonly (readonly (readonly (readonly (readonly (readonly (readonly (readonly (readonly ...[])[])[])[])[])[])[])[])[])[])[] | readonly (readonly (readonly (readonly (readonly (readonly (readonly (readonly (readonly (readonly (readonly ...[])[])[])[])[])[])[])[])[])[])[]'.
  Type 'readonly unknown[]' is not assignable to type 'readonly (readonly (readonly (readonly (readonly (readonly (readonly (readonly (readonly (readonly (readonly (readonly ...[])[])[])[])[])[])[])[])[])[])[])[]'.
    Type '{}' is missing the following properties from type 'readonly (readonly (readonly (readonly (readonly (readonly (readonly (readonly (readonly (readonly (readonly (readonly ...[])[])[])[])[])[])[])[])[])[])[])[]': length, concat, join, slice, and 26 more.
contract/node_modules/ox/core/internal/webauthn.ts(171,27): error TS2737: BigInt literals are not available when targeting lower than ES2020.
contract/node_modules/ox/core/PublicKey.ts(117,17): error TS2737: BigInt literals are not available when targeting lower than ES2020.
contract/node_modules/ox/core/PublicKey.ts(117,24): error TS2737: BigInt literals are not available when targeting lower than ES2020.
contract/node_modules/ox/core/Secp256k1.ts(391,63): error TS2322: Type '{ r: bigint; s: bigint; yParity: number; } | { r: bigint; s: bigint; yParity?: number; }' is not assignable to type '{ r: bigint; s: bigint; yParity: number; }'.
  Type '{ r: bigint; s: bigint; yParity?: number; }' is not assignable to type '{ r: bigint; s: bigint; yParity: number; }'.
    Property 'yParity' is optional in type '{ r: bigint; s: bigint; yParity?: number; }' but required in type '{ r: bigint; s: bigint; yParity: number; }'.
contract/node_modules/ox/core/Signature.ts(77,21): error TS2737: BigInt literals are not available when targeting lower than ES2020.
contract/node_modules/ox/core/Signature.ts(79,21): error TS2737: BigInt literals are not available when targeting lower than ES2020.
contract/node_modules/ox/core/Signature.ts(288,40): error TS2345: Argument of type '{ r: bigint; s: bigint; yParity: number; v?: undefined; } | { r: bigint; s: bigint; yParity?: number; v?: undefined; } | { r: bigint; s: bigint; v: number; yParity?: undefined; }' is not assignable to parameter of type 'Legacy<bigint, number>'.
  Type '{ r: bigint; s: bigint; yParity: number; v?: undefined; }' is not assignable to type 'Legacy<bigint, number>'.
    Property 'v' is optional in type '{ r: bigint; s: bigint; yParity: number; v?: undefined; }' but required in type 'Legacy<bigint, number>'.
contract/node_modules/ox/core/Signature.ts(462,21): error TS2737: BigInt literals are not available when targeting lower than ES2020.
contract/node_modules/ox/core/Signature.ts(463,21): error TS2737: BigInt literals are not available when targeting lower than ES2020.
contract/node_modules/ox/core/Signature.ts(679,11): error TS2737: BigInt literals are not available when targeting lower than ES2020.
contract/node_modules/ox/core/Signature.ts(680,11): error TS2737: BigInt literals are not available when targeting lower than ES2020.
contract/node_modules/ox/core/Solidity.ts(12,24): error TS2737: BigInt literals are not available when targeting lower than ES2020.
contract/node_modules/ox/core/Solidity.ts(12,31): error TS2737: BigInt literals are not available when targeting lower than ES2020.
contract/node_modules/ox/core/Solidity.ts(12,36): error TS2737: BigInt literals are not available when targeting lower than ES2020.
contract/node_modules/ox/core/Solidity.ts(12,42): error TS2737: BigInt literals are not available when targeting lower than ES2020.
contract/node_modules/ox/core/Solidity.ts(13,25): error TS2737: BigInt literals are not available when targeting lower than ES2020.
contract/node_modules/ox/core/Solidity.ts(13,32): error TS2737: BigInt literals are not available when targeting lower than ES2020.
contract/node_modules/ox/core/Solidity.ts(13,38): error TS2737: BigInt literals are not available when targeting lower than ES2020.
contract/node_modules/ox/core/Solidity.ts(13,44): error TS2737: BigInt literals are not available when targeting lower than ES2020.
contract/node_modules/ox/core/Solidity.ts(14,25): error TS2737: BigInt literals are not available when targeting lower than ES2020.
contract/node_modules/ox/core/Solidity.ts(14,32): error TS2737: BigInt literals are not available when targeting lower than ES2020.
contract/node_modules/ox/core/Solidity.ts(14,38): error TS2737: BigInt literals are not available when targeting lower than ES2020.
contract/node_modules/ox/core/Solidity.ts(14,44): error TS2737: BigInt literals are not available when targeting lower than ES2020.
contract/node_modules/ox/core/Solidity.ts(15,25): error TS2737: BigInt literals are not available when targeting lower than ES2020.
contract/node_modules/ox/core/Solidity.ts(15,32): error TS2737: BigInt literals are not available when targeting lower than ES2020.
contract/node_modules/ox/core/Solidity.ts(15,38): error TS2737: BigInt literals are not available when targeting lower than ES2020.
contract/node_modules/ox/core/Solidity.ts(15,44): error TS2737: BigInt literals are not available when targeting lower than ES2020.
contract/node_modules/ox/core/Solidity.ts(16,25): error TS2737: BigInt literals are not available when targeting lower than ES2020.
contract/node_modules/ox/core/Solidity.ts(16,32): error TS2737: BigInt literals are not available when targeting lower than ES2020.
contract/node_modules/ox/core/Solidity.ts(16,38): error TS2737: BigInt literals are not available when targeting lower than ES2020.
contract/node_modules/ox/core/Solidity.ts(16,44): error TS2737: BigInt literals are not available when targeting lower than ES2020.
contract/node_modules/ox/core/Solidity.ts(17,25): error TS2737: BigInt literals are not available when targeting lower than ES2020.
contract/node_modules/ox/core/Solidity.ts(17,32): error TS2737: BigInt literals are not available when targeting lower than ES2020.
contract/node_modules/ox/core/Solidity.ts(17,38): error TS2737: BigInt literals are not available when targeting lower than ES2020.
contract/node_modules/ox/core/Solidity.ts(17,44): error TS2737: BigInt literals are not available when targeting lower than ES2020.
contract/node_modules/ox/core/Solidity.ts(18,25): error TS2737: BigInt literals are not available when targeting lower than ES2020.
contract/node_modules/ox/core/Solidity.ts(18,32): error TS2737: BigInt literals are not available when targeting lower than ES2020.
contract/node_modules/ox/core/Solidity.ts(18,38): error TS2737: BigInt literals are not available when targeting lower than ES2020.
contract/node_modules/ox/core/Solidity.ts(18,44): error TS2737: BigInt literals are not available when targeting lower than ES2020.
contract/node_modules/ox/core/Solidity.ts(19,25): error TS2737: BigInt literals are not available when targeting lower than ES2020.
contract/node_modules/ox/core/Solidity.ts(19,32): error TS2737: BigInt literals are not available when targeting lower than ES2020.
contract/node_modules/ox/core/Solidity.ts(19,38): error TS2737: BigInt literals are not available when targeting lower than ES2020.
contract/node_modules/ox/core/Solidity.ts(19,44): error TS2737: BigInt literals are not available when targeting lower than ES2020.
contract/node_modules/ox/core/Solidity.ts(20,25): error TS2737: BigInt literals are not available when targeting lower than ES2020.
contract/node_modules/ox/core/Solidity.ts(20,32): error TS2737: BigInt literals are not available when targeting lower than ES2020.
contract/node_modules/ox/core/Solidity.ts(20,38): error TS2737: BigInt literals are not available when targeting lower than ES2020.
contract/node_modules/ox/core/Solidity.ts(20,44): error TS2737: BigInt literals are not available when targeting lower than ES2020.
contract/node_modules/ox/core/Solidity.ts(21,25): error TS2737: BigInt literals are not available when targeting lower than ES2020.
contract/node_modules/ox/core/Solidity.ts(21,32): error TS2737: BigInt literals are not available when targeting lower than ES2020.
contract/node_modules/ox/core/Solidity.ts(21,38): error TS2737: BigInt literals are not available when targeting lower than ES2020.
contract/node_modules/ox/core/Solidity.ts(21,44): error TS2737: BigInt literals are not available when targeting lower than ES2020.
contract/node_modules/ox/core/Solidity.ts(22,25): error TS2737: BigInt literals are not available when targeting lower than ES2020.
contract/node_modules/ox/core/Solidity.ts(22,32): error TS2737: BigInt literals are not available when targeting lower than ES2020.
contract/node_modules/ox/core/Solidity.ts(22,38): error TS2737: BigInt literals are not available when targeting lower than ES2020.
contract/node_modules/ox/core/Solidity.ts(22,44): error TS2737: BigInt literals are not available when targeting lower than ES2020.
contract/node_modules/ox/core/Solidity.ts(23,25): error TS2737: BigInt literals are not available when targeting lower than ES2020.
contract/node_modules/ox/core/Solidity.ts(23,32): error TS2737: BigInt literals are not available when targeting lower than ES2020.
contract/node_modules/ox/core/Solidity.ts(23,38): error TS2737: BigInt literals are not available when targeting lower than ES2020.
contract/node_modules/ox/core/Solidity.ts(23,44): error TS2737: BigInt literals are not available when targeting lower than ES2020.
contract/node_modules/ox/core/Solidity.ts(24,26): error TS2737: BigInt literals are not available when targeting lower than ES2020.
contract/node_modules/ox/core/Solidity.ts(24,33): error TS2737: BigInt literals are not available when targeting lower than ES2020.
contract/node_modules/ox/core/Solidity.ts(24,40): error TS2737: BigInt literals are not available when targeting lower than ES2020.
contract/node_modules/ox/core/Solidity.ts(24,46): error TS2737: BigInt literals are not available when targeting lower than ES2020.
contract/node_modules/ox/core/Solidity.ts(25,26): error TS2737: BigInt literals are not available when targeting lower than ES2020.
contract/node_modules/ox/core/Solidity.ts(25,33): error TS2737: BigInt literals are not available when targeting lower than ES2020.
contract/node_modules/ox/core/Solidity.ts(25,40): error TS2737: BigInt literals are not available when targeting lower than ES2020.
contract/node_modules/ox/core/Solidity.ts(25,46): error TS2737: BigInt literals are not available when targeting lower than ES2020.
contract/node_modules/ox/core/Solidity.ts(26,26): error TS2737: BigInt literals are not available when targeting lower than ES2020.
contract/node_modules/ox/core/Solidity.ts(26,33): error TS2737: BigInt literals are not available when targeting lower than ES2020.
contract/node_modules/ox/core/Solidity.ts(26,40): error TS2737: BigInt literals are not available when targeting lower than ES2020.
contract/node_modules/ox/core/Solidity.ts(26,46): error TS2737: BigInt literals are not available when targeting lower than ES2020.
contract/node_modules/ox/core/Solidity.ts(27,26): error TS2737: BigInt literals are not available when targeting lower than ES2020.
contract/node_modules/ox/core/Solidity.ts(27,33): error TS2737: BigInt literals are not available when targeting lower than ES2020.
contract/node_modules/ox/core/Solidity.ts(27,40): error TS2737: BigInt literals are not available when targeting lower than ES2020.
contract/node_modules/ox/core/Solidity.ts(27,46): error TS2737: BigInt literals are not available when targeting lower than ES2020.
contract/node_modules/ox/core/Solidity.ts(28,26): error TS2737: BigInt literals are not available when targeting lower than ES2020.
contract/node_modules/ox/core/Solidity.ts(28,33): error TS2737: BigInt literals are not available when targeting lower than ES2020.
contract/node_modules/ox/core/Solidity.ts(28,40): error TS2737: BigInt literals are not available when targeting lower than ES2020.
contract/node_modules/ox/core/Solidity.ts(28,46): error TS2737: BigInt literals are not available when targeting lower than ES2020.
contract/node_modules/ox/core/Solidity.ts(29,26): error TS2737: BigInt literals are not available when targeting lower than ES2020.
contract/node_modules/ox/core/Solidity.ts(29,33): error TS2737: BigInt literals are not available when targeting lower than ES2020.
contract/node_modules/ox/core/Solidity.ts(29,40): error TS2737: BigInt literals are not available when targeting lower than ES2020.
contract/node_modules/ox/core/Solidity.ts(29,46): error TS2737: BigInt literals are not available when targeting lower than ES2020.
contract/node_modules/ox/core/Solidity.ts(30,26): error TS2737: BigInt literals are not available when targeting lower than ES2020.
contract/node_modules/ox/core/Solidity.ts(30,33): error TS2737: BigInt literals are not available when targeting lower than ES2020.
contract/node_modules/ox/core/Solidity.ts(30,40): error TS2737: BigInt literals are not available when targeting lower than ES2020.
contract/node_modules/ox/core/Solidity.ts(30,46): error TS2737: BigInt literals are not available when targeting lower than ES2020.
contract/node_modules/ox/core/Solidity.ts(31,26): error TS2737: BigInt literals are not available when targeting lower than ES2020.
contract/node_modules/ox/core/Solidity.ts(31,33): error TS2737: BigInt literals are not available when targeting lower than ES2020.
contract/node_modules/ox/core/Solidity.ts(31,40): error TS2737: BigInt literals are not available when targeting lower than ES2020.
contract/node_modules/ox/core/Solidity.ts(31,46): error TS2737: BigInt literals are not available when targeting lower than ES2020.
contract/node_modules/ox/core/Solidity.ts(32,26): error TS2737: BigInt literals are not available when targeting lower than ES2020.
contract/node_modules/ox/core/Solidity.ts(32,33): error TS2737: BigInt literals are not available when targeting lower than ES2020.
contract/node_modules/ox/core/Solidity.ts(32,40): error TS2737: BigInt literals are not available when targeting lower than ES2020.
contract/node_modules/ox/core/Solidity.ts(32,46): error TS2737: BigInt literals are not available when targeting lower than ES2020.
contract/node_modules/ox/core/Solidity.ts(33,26): error TS2737: BigInt literals are not available when targeting lower than ES2020.
contract/node_modules/ox/core/Solidity.ts(33,33): error TS2737: BigInt literals are not available when targeting lower than ES2020.
contract/node_modules/ox/core/Solidity.ts(33,40): error TS2737: BigInt literals are not available when targeting lower than ES2020.
contract/node_modules/ox/core/Solidity.ts(33,46): error TS2737: BigInt literals are not available when targeting lower than ES2020.
contract/node_modules/ox/core/Solidity.ts(34,26): error TS2737: BigInt literals are not available when targeting lower than ES2020.
contract/node_modules/ox/core/Solidity.ts(34,33): error TS2737: BigInt literals are not available when targeting lower than ES2020.
contract/node_modules/ox/core/Solidity.ts(34,40): error TS2737: BigInt literals are not available when targeting lower than ES2020.
contract/node_modules/ox/core/Solidity.ts(34,46): error TS2737: BigInt literals are not available when targeting lower than ES2020.
contract/node_modules/ox/core/Solidity.ts(35,26): error TS2737: BigInt literals are not available when targeting lower than ES2020.
contract/node_modules/ox/core/Solidity.ts(35,33): error TS2737: BigInt literals are not available when targeting lower than ES2020.
contract/node_modules/ox/core/Solidity.ts(35,40): error TS2737: BigInt literals are not available when targeting lower than ES2020.
contract/node_modules/ox/core/Solidity.ts(35,46): error TS2737: BigInt literals are not available when targeting lower than ES2020.
contract/node_modules/ox/core/Solidity.ts(36,26): error TS2737: BigInt literals are not available when targeting lower than ES2020.
contract/node_modules/ox/core/Solidity.ts(36,33): error TS2737: BigInt literals are not available when targeting lower than ES2020.
contract/node_modules/ox/core/Solidity.ts(36,40): error TS2737: BigInt literals are not available when targeting lower than ES2020.
contract/node_modules/ox/core/Solidity.ts(36,46): error TS2737: BigInt literals are not available when targeting lower than ES2020.
contract/node_modules/ox/core/Solidity.ts(37,26): error TS2737: BigInt literals are not available when targeting lower than ES2020.
contract/node_modules/ox/core/Solidity.ts(37,33): error TS2737: BigInt literals are not available when targeting lower than ES2020.
contract/node_modules/ox/core/Solidity.ts(37,40): error TS2737: BigInt literals are not available when targeting lower than ES2020.
contract/node_modules/ox/core/Solidity.ts(37,46): error TS2737: BigInt literals are not available when targeting lower than ES2020.
contract/node_modules/ox/core/Solidity.ts(38,26): error TS2737: BigInt literals are not available when targeting lower than ES2020.
contract/node_modules/ox/core/Solidity.ts(38,33): error TS2737: BigInt literals are not available when targeting lower than ES2020.
contract/node_modules/ox/core/Solidity.ts(38,40): error TS2737: BigInt literals are not available when targeting lower than ES2020.
contract/node_modules/ox/core/Solidity.ts(38,46): error TS2737: BigInt literals are not available when targeting lower than ES2020.
contract/node_modules/ox/core/Solidity.ts(39,26): error TS2737: BigInt literals are not available when targeting lower than ES2020.
contract/node_modules/ox/core/Solidity.ts(39,33): error TS2737: BigInt literals are not available when targeting lower than ES2020.
contract/node_modules/ox/core/Solidity.ts(39,40): error TS2737: BigInt literals are not available when targeting lower than ES2020.
contract/node_modules/ox/core/Solidity.ts(39,46): error TS2737: BigInt literals are not available when targeting lower than ES2020.
contract/node_modules/ox/core/Solidity.ts(40,26): error TS2737: BigInt literals are not available when targeting lower than ES2020.
contract/node_modules/ox/core/Solidity.ts(40,33): error TS2737: BigInt literals are not available when targeting lower than ES2020.
contract/node_modules/ox/core/Solidity.ts(40,40): error TS2737: BigInt literals are not available when targeting lower than ES2020.
contract/node_modules/ox/core/Solidity.ts(40,46): error TS2737: BigInt literals are not available when targeting lower than ES2020.
contract/node_modules/ox/core/Solidity.ts(41,26): error TS2737: BigInt literals are not available when targeting lower than ES2020.
contract/node_modules/ox/core/Solidity.ts(41,33): error TS2737: BigInt literals are not available when targeting lower than ES2020.
contract/node_modules/ox/core/Solidity.ts(41,40): error TS2737: BigInt literals are not available when targeting lower than ES2020.
contract/node_modules/ox/core/Solidity.ts(41,46): error TS2737: BigInt literals are not available when targeting lower than ES2020.
contract/node_modules/ox/core/Solidity.ts(42,26): error TS2737: BigInt literals are not available when targeting lower than ES2020.
contract/node_modules/ox/core/Solidity.ts(42,33): error TS2737: BigInt literals are not available when targeting lower than ES2020.
contract/node_modules/ox/core/Solidity.ts(42,40): error TS2737: BigInt literals are not available when targeting lower than ES2020.
contract/node_modules/ox/core/Solidity.ts(42,46): error TS2737: BigInt literals are not available when targeting lower than ES2020.
contract/node_modules/ox/core/Solidity.ts(43,26): error TS2737: BigInt literals are not available when targeting lower than ES2020.
contract/node_modules/ox/core/Solidity.ts(43,33): error TS2737: BigInt literals are not available when targeting lower than ES2020.
contract/node_modules/ox/core/Solidity.ts(43,40): error TS2737: BigInt literals are not available when targeting lower than ES2020.
contract/node_modules/ox/core/Solidity.ts(43,46): error TS2737: BigInt literals are not available when targeting lower than ES2020.
contract/node_modules/ox/core/Solidity.ts(45,26): error TS2737: BigInt literals are not available when targeting lower than ES2020.
contract/node_modules/ox/core/Solidity.ts(45,33): error TS2737: BigInt literals are not available when targeting lower than ES2020.
contract/node_modules/ox/core/Solidity.ts(45,38): error TS2737: BigInt literals are not available when targeting lower than ES2020.
contract/node_modules/ox/core/Solidity.ts(46,27): error TS2737: BigInt literals are not available when targeting lower than ES2020.
contract/node_modules/ox/core/Solidity.ts(46,34): error TS2737: BigInt literals are not available when targeting lower than ES2020.
contract/node_modules/ox/core/Solidity.ts(46,40): error TS2737: BigInt literals are not available when targeting lower than ES2020.
contract/node_modules/ox/core/Solidity.ts(47,27): error TS2737: BigInt literals are not available when targeting lower than ES2020.
contract/node_modules/ox/core/Solidity.ts(47,34): error TS2737: BigInt literals are not available when targeting lower than ES2020.
contract/node_modules/ox/core/Solidity.ts(47,40): error TS2737: BigInt literals are not available when targeting lower than ES2020.
contract/node_modules/ox/core/Solidity.ts(48,27): error TS2737: BigInt literals are not available when targeting lower than ES2020.
contract/node_modules/ox/core/Solidity.ts(48,34): error TS2737: BigInt literals are not available when targeting lower than ES2020.
contract/node_modules/ox/core/Solidity.ts(48,40): error TS2737: BigInt literals are not available when targeting lower than ES2020.
contract/node_modules/ox/core/Solidity.ts(49,27): error TS2737: BigInt literals are not available when targeting lower than ES2020.
contract/node_modules/ox/core/Solidity.ts(49,34): error TS2737: BigInt literals are not available when targeting lower than ES2020.
contract/node_modules/ox/core/Solidity.ts(49,40): error TS2737: BigInt literals are not available when targeting lower than ES2020.
contract/node_modules/ox/core/Solidity.ts(50,27): error TS2737: BigInt literals are not available when targeting lower than ES2020.
contract/node_modules/ox/core/Solidity.ts(50,34): error TS2737: BigInt literals are not available when targeting lower than ES2020.
contract/node_modules/ox/core/Solidity.ts(50,40): error TS2737: BigInt literals are not available when targeting lower than ES2020.
contract/node_modules/ox/core/Solidity.ts(51,27): error TS2737: BigInt literals are not available when targeting lower than ES2020.
contract/node_modules/ox/core/Solidity.ts(51,34): error TS2737: BigInt literals are not available when targeting lower than ES2020.
contract/node_modules/ox/core/Solidity.ts(51,40): error TS2737: BigInt literals are not available when targeting lower than ES2020.
contract/node_modules/ox/core/Solidity.ts(52,27): error TS2737: BigInt literals are not available when targeting lower than ES2020.
contract/node_modules/ox/core/Solidity.ts(52,34): error TS2737: BigInt literals are not available when targeting lower than ES2020.
contract/node_modules/ox/core/Solidity.ts(52,40): error TS2737: BigInt literals are not available when targeting lower than ES2020.
contract/node_modules/ox/core/Solidity.ts(53,27): error TS2737: BigInt literals are not available when targeting lower than ES2020.
contract/node_modules/ox/core/Solidity.ts(53,34): error TS2737: BigInt literals are not available when targeting lower than ES2020.
contract/node_modules/ox/core/Solidity.ts(53,40): error TS2737: BigInt literals are not available when targeting lower than ES2020.
contract/node_modules/ox/core/Solidity.ts(54,27): error TS2737: BigInt literals are not available when targeting lower than ES2020.
contract/node_modules/ox/core/Solidity.ts(54,34): error TS2737: BigInt literals are not available when targeting lower than ES2020.
contract/node_modules/ox/core/Solidity.ts(54,40): error TS2737: BigInt literals are not available when targeting lower than ES2020.
contract/node_modules/ox/core/Solidity.ts(55,27): error TS2737: BigInt literals are not available when targeting lower than ES2020.
contract/node_modules/ox/core/Solidity.ts(55,34): error TS2737: BigInt literals are not available when targeting lower than ES2020.
contract/node_modules/ox/core/Solidity.ts(55,40): error TS2737: BigInt literals are not available when targeting lower than ES2020.
contract/node_modules/ox/core/Solidity.ts(56,27): error TS2737: BigInt literals are not available when targeting lower than ES2020.
contract/node_modules/ox/core/Solidity.ts(56,34): error TS2737: BigInt literals are not available when targeting lower than ES2020.
contract/node_modules/ox/core/Solidity.ts(56,40): error TS2737: BigInt literals are not available when targeting lower than ES2020.
contract/node_modules/ox/core/Solidity.ts(57,28): error TS2737: BigInt literals are not available when targeting lower than ES2020.
contract/node_modules/ox/core/Solidity.ts(57,35): error TS2737: BigInt literals are not available when targeting lower than ES2020.
contract/node_modules/ox/core/Solidity.ts(57,42): error TS2737: BigInt literals are not available when targeting lower than ES2020.
contract/node_modules/ox/core/Solidity.ts(58,28): error TS2737: BigInt literals are not available when targeting lower than ES2020.
contract/node_modules/ox/core/Solidity.ts(58,35): error TS2737: BigInt literals are not available when targeting lower than ES2020.
contract/node_modules/ox/core/Solidity.ts(58,42): error TS2737: BigInt literals are not available when targeting lower than ES2020.
contract/node_modules/ox/core/Solidity.ts(59,28): error TS2737: BigInt literals are not available when targeting lower than ES2020.
contract/node_modules/ox/core/Solidity.ts(59,35): error TS2737: BigInt literals are not available when targeting lower than ES2020.
contract/node_modules/ox/core/Solidity.ts(59,42): error TS2737: BigInt literals are not available when targeting lower than ES2020.
contract/node_modules/ox/core/Solidity.ts(60,28): error TS2737: BigInt literals are not available when targeting lower than ES2020.
contract/node_modules/ox/core/Solidity.ts(60,35): error TS2737: BigInt literals are not available when targeting lower than ES2020.
contract/node_modules/ox/core/Solidity.ts(60,42): error TS2737: BigInt literals are not available when targeting lower than ES2020.
contract/node_modules/ox/core/Solidity.ts(61,28): error TS2737: BigInt literals are not available when targeting lower than ES2020.
contract/node_modules/ox/core/Solidity.ts(61,35): error TS2737: BigInt literals are not available when targeting lower than ES2020.
contract/node_modules/ox/core/Solidity.ts(61,42): error TS2737: BigInt literals are not available when targeting lower than ES2020.
contract/node_modules/ox/core/Solidity.ts(62,28): error TS2737: BigInt literals are not available when targeting lower than ES2020.
contract/node_modules/ox/core/Solidity.ts(62,35): error TS2737: BigInt literals are not available when targeting lower than ES2020.
contract/node_modules/ox/core/Solidity.ts(62,42): error TS2737: BigInt literals are not available when targeting lower than ES2020.
contract/node_modules/ox/core/Solidity.ts(63,28): error TS2737: BigInt literals are not available when targeting lower than ES2020.
contract/node_modules/ox/core/Solidity.ts(63,35): error TS2737: BigInt literals are not available when targeting lower than ES2020.
contract/node_modules/ox/core/Solidity.ts(63,42): error TS2737: BigInt literals are not available when targeting lower than ES2020.
contract/node_modules/ox/core/Solidity.ts(64,28): error TS2737: BigInt literals are not available when targeting lower than ES2020.
contract/node_modules/ox/core/Solidity.ts(64,35): error TS2737: BigInt literals are not available when targeting lower than ES2020.
contract/node_modules/ox/core/Solidity.ts(64,42): error TS2737: BigInt literals are not available when targeting lower than ES2020.
contract/node_modules/ox/core/Solidity.ts(65,28): error TS2737: BigInt literals are not available when targeting lower than ES2020.
contract/node_modules/ox/core/Solidity.ts(65,35): error TS2737: BigInt literals are not available when targeting lower than ES2020.
contract/node_modules/ox/core/Solidity.ts(65,42): error TS2737: BigInt literals are not available when targeting lower than ES2020.
contract/node_modules/ox/core/Solidity.ts(66,28): error TS2737: BigInt literals are not available when targeting lower than ES2020.
contract/node_modules/ox/core/Solidity.ts(66,35): error TS2737: BigInt literals are not available when targeting lower than ES2020.
contract/node_modules/ox/core/Solidity.ts(66,42): error TS2737: BigInt literals are not available when targeting lower than ES2020.
contract/node_modules/ox/core/Solidity.ts(67,28): error TS2737: BigInt literals are not available when targeting lower than ES2020.
contract/node_modules/ox/core/Solidity.ts(67,35): error TS2737: BigInt literals are not available when targeting lower than ES2020.
contract/node_modules/ox/core/Solidity.ts(67,42): error TS2737: BigInt literals are not available when targeting lower than ES2020.
contract/node_modules/ox/core/Solidity.ts(68,28): error TS2737: BigInt literals are not available when targeting lower than ES2020.
contract/node_modules/ox/core/Solidity.ts(68,35): error TS2737: BigInt literals are not available when targeting lower than ES2020.
contract/node_modules/ox/core/Solidity.ts(68,42): error TS2737: BigInt literals are not available when targeting lower than ES2020.
contract/node_modules/ox/core/Solidity.ts(69,28): error TS2737: BigInt literals are not available when targeting lower than ES2020.
contract/node_modules/ox/core/Solidity.ts(69,35): error TS2737: BigInt literals are not available when targeting lower than ES2020.
contract/node_modules/ox/core/Solidity.ts(69,42): error TS2737: BigInt literals are not available when targeting lower than ES2020.
contract/node_modules/ox/core/Solidity.ts(70,28): error TS2737: BigInt literals are not available when targeting lower than ES2020.
contract/node_modules/ox/core/Solidity.ts(70,35): error TS2737: BigInt literals are not available when targeting lower than ES2020.
contract/node_modules/ox/core/Solidity.ts(70,42): error TS2737: BigInt literals are not available when targeting lower than ES2020.
contract/node_modules/ox/core/Solidity.ts(71,28): error TS2737: BigInt literals are not available when targeting lower than ES2020.
contract/node_modules/ox/core/Solidity.ts(71,35): error TS2737: BigInt literals are not available when targeting lower than ES2020.
contract/node_modules/ox/core/Solidity.ts(71,42): error TS2737: BigInt literals are not available when targeting lower than ES2020.
contract/node_modules/ox/core/Solidity.ts(72,28): error TS2737: BigInt literals are not available when targeting lower than ES2020.
contract/node_modules/ox/core/Solidity.ts(72,35): error TS2737: BigInt literals are not available when targeting lower than ES2020.
contract/node_modules/ox/core/Solidity.ts(72,42): error TS2737: BigInt literals are not available when targeting lower than ES2020.
contract/node_modules/ox/core/Solidity.ts(73,28): error TS2737: BigInt literals are not available when targeting lower than ES2020.
contract/node_modules/ox/core/Solidity.ts(73,35): error TS2737: BigInt literals are not available when targeting lower than ES2020.
contract/node_modules/ox/core/Solidity.ts(73,42): error TS2737: BigInt literals are not available when targeting lower than ES2020.
contract/node_modules/ox/core/Solidity.ts(74,28): error TS2737: BigInt literals are not available when targeting lower than ES2020.
contract/node_modules/ox/core/Solidity.ts(74,35): error TS2737: BigInt literals are not available when targeting lower than ES2020.
contract/node_modules/ox/core/Solidity.ts(74,42): error TS2737: BigInt literals are not available when targeting lower than ES2020.
contract/node_modules/ox/core/Solidity.ts(75,28): error TS2737: BigInt literals are not available when targeting lower than ES2020.
contract/node_modules/ox/core/Solidity.ts(75,35): error TS2737: BigInt literals are not available when targeting lower than ES2020.
contract/node_modules/ox/core/Solidity.ts(75,42): error TS2737: BigInt literals are not available when targeting lower than ES2020.
contract/node_modules/ox/core/Solidity.ts(76,28): error TS2737: BigInt literals are not available when targeting lower than ES2020.
contract/node_modules/ox/core/Solidity.ts(76,35): error TS2737: BigInt literals are not available when targeting lower than ES2020.
contract/node_modules/ox/core/Solidity.ts(76,42): error TS2737: BigInt literals are not available when targeting lower than ES2020.
contract/node_modules/ox/core/Solidity.ts(78,25): error TS2737: BigInt literals are not available when targeting lower than ES2020.
contract/node_modules/ox/core/Solidity.ts(78,31): error TS2737: BigInt literals are not available when targeting lower than ES2020.
contract/node_modules/ox/core/Solidity.ts(78,36): error TS2737: BigInt literals are not available when targeting lower than ES2020.
contract/node_modules/ox/core/Solidity.ts(79,26): error TS2737: BigInt literals are not available when targeting lower than ES2020.
contract/node_modules/ox/core/Solidity.ts(79,32): error TS2737: BigInt literals are not available when targeting lower than ES2020.
contract/node_modules/ox/core/Solidity.ts(79,38): error TS2737: BigInt literals are not available when targeting lower than ES2020.
contract/node_modules/ox/core/Solidity.ts(80,26): error TS2737: BigInt literals are not available when targeting lower than ES2020.
contract/node_modules/ox/core/Solidity.ts(80,32): error TS2737: BigInt literals are not available when targeting lower than ES2020.
contract/node_modules/ox/core/Solidity.ts(80,38): error TS2737: BigInt literals are not available when targeting lower than ES2020.
contract/node_modules/ox/core/Solidity.ts(81,26): error TS2737: BigInt literals are not available when targeting lower than ES2020.
contract/node_modules/ox/core/Solidity.ts(81,32): error TS2737: BigInt literals are not available when targeting lower than ES2020.
contract/node_modules/ox/core/Solidity.ts(81,38): error TS2737: BigInt literals are not available when targeting lower than ES2020.
contract/node_modules/ox/core/Solidity.ts(82,26): error TS2737: BigInt literals are not available when targeting lower than ES2020.
contract/node_modules/ox/core/Solidity.ts(82,32): error TS2737: BigInt literals are not available when targeting lower than ES2020.
contract/node_modules/ox/core/Solidity.ts(82,38): error TS2737: BigInt literals are not available when targeting lower than ES2020.
contract/node_modules/ox/core/Solidity.ts(83,26): error TS2737: BigInt literals are not available when targeting lower than ES2020.
contract/node_modules/ox/core/Solidity.ts(83,32): error TS2737: BigInt literals are not available when targeting lower than ES2020.
contract/node_modules/ox/core/Solidity.ts(83,38): error TS2737: BigInt literals are not available when targeting lower than ES2020.
contract/node_modules/ox/core/Solidity.ts(84,26): error TS2737: BigInt literals are not available when targeting lower than ES2020.
contract/node_modules/ox/core/Solidity.ts(84,32): error TS2737: BigInt literals are not available when targeting lower than ES2020.
contract/node_modules/ox/core/Solidity.ts(84,38): error TS2737: BigInt literals are not available when targeting lower than ES2020.
contract/node_modules/ox/core/Solidity.ts(85,26): error TS2737: BigInt literals are not available when targeting lower than ES2020.
contract/node_modules/ox/core/Solidity.ts(85,32): error TS2737: BigInt literals are not available when targeting lower than ES2020.
contract/node_modules/ox/core/Solidity.ts(85,38): error TS2737: BigInt literals are not available when targeting lower than ES2020.
contract/node_modules/ox/core/Solidity.ts(86,26): error TS2737: BigInt literals are not available when targeting lower than ES2020.
contract/node_modules/ox/core/Solidity.ts(86,32): error TS2737: BigInt literals are not available when targeting lower than ES2020.
contract/node_modules/ox/core/Solidity.ts(86,38): error TS2737: BigInt literals are not available when targeting lower than ES2020.
contract/node_modules/ox/core/Solidity.ts(87,26): error TS2737: BigInt literals are not available when targeting lower than ES2020.
contract/node_modules/ox/core/Solidity.ts(87,32): error TS2737: BigInt literals are not available when targeting lower than ES2020.
contract/node_modules/ox/core/Solidity.ts(87,38): error TS2737: BigInt literals are not available when targeting lower than ES2020.
contract/node_modules/ox/core/Solidity.ts(88,26): error TS2737: BigInt literals are not available when targeting lower than ES2020.
contract/node_modules/ox/core/Solidity.ts(88,32): error TS2737: BigInt literals are not available when targeting lower than ES2020.
contract/node_modules/ox/core/Solidity.ts(88,38): error TS2737: BigInt literals are not available when targeting lower than ES2020.
contract/node_modules/ox/core/Solidity.ts(89,26): error TS2737: BigInt literals are not available when targeting lower than ES2020.
contract/node_modules/ox/core/Solidity.ts(89,32): error TS2737: BigInt literals are not available when targeting lower than ES2020.
contract/node_modules/ox/core/Solidity.ts(89,38): error TS2737: BigInt literals are not available when targeting lower than ES2020.
contract/node_modules/ox/core/Solidity.ts(90,27): error TS2737: BigInt literals are not available when targeting lower than ES2020.
contract/node_modules/ox/core/Solidity.ts(90,33): error TS2737: BigInt literals are not available when targeting lower than ES2020.
contract/node_modules/ox/core/Solidity.ts(90,40): error TS2737: BigInt literals are not available when targeting lower than ES2020.
contract/node_modules/ox/core/Solidity.ts(91,27): error TS2737: BigInt literals are not available when targeting lower than ES2020.
contract/node_modules/ox/core/Solidity.ts(91,33): error TS2737: BigInt literals are not available when targeting lower than ES2020.
contract/node_modules/ox/core/Solidity.ts(91,40): error TS2737: BigInt literals are not available when targeting lower than ES2020.
contract/node_modules/ox/core/Solidity.ts(92,27): error TS2737: BigInt literals are not available when targeting lower than ES2020.
contract/node_modules/ox/core/Solidity.ts(92,33): error TS2737: BigInt literals are not available when targeting lower than ES2020.
contract/node_modules/ox/core/Solidity.ts(92,40): error TS2737: BigInt literals are not available when targeting lower than ES2020.
contract/node_modules/ox/core/Solidity.ts(93,27): error TS2737: BigInt literals are not available when targeting lower than ES2020.
contract/node_modules/ox/core/Solidity.ts(93,33): error TS2737: BigInt literals are not available when targeting lower than ES2020.
contract/node_modules/ox/core/Solidity.ts(93,40): error TS2737: BigInt literals are not available when targeting lower than ES2020.
contract/node_modules/ox/core/Solidity.ts(94,27): error TS2737: BigInt literals are not available when targeting lower than ES2020.
contract/node_modules/ox/core/Solidity.ts(94,33): error TS2737: BigInt literals are not available when targeting lower than ES2020.
contract/node_modules/ox/core/Solidity.ts(94,40): error TS2737: BigInt literals are not available when targeting lower than ES2020.
contract/node_modules/ox/core/Solidity.ts(95,27): error TS2737: BigInt literals are not available when targeting lower than ES2020.
contract/node_modules/ox/core/Solidity.ts(95,33): error TS2737: BigInt literals are not available when targeting lower than ES2020.
contract/node_modules/ox/core/Solidity.ts(95,40): error TS2737: BigInt literals are not available when targeting lower than ES2020.
contract/node_modules/ox/core/Solidity.ts(96,27): error TS2737: BigInt literals are not available when targeting lower than ES2020.
contract/node_modules/ox/core/Solidity.ts(96,33): error TS2737: BigInt literals are not available when targeting lower than ES2020.
contract/node_modules/ox/core/Solidity.ts(96,40): error TS2737: BigInt literals are not available when targeting lower than ES2020.
contract/node_modules/ox/core/Solidity.ts(97,27): error TS2737: BigInt literals are not available when targeting lower than ES2020.
contract/node_modules/ox/core/Solidity.ts(97,33): error TS2737: BigInt literals are not available when targeting lower than ES2020.
contract/node_modules/ox/core/Solidity.ts(97,40): error TS2737: BigInt literals are not available when targeting lower than ES2020.
contract/node_modules/ox/core/Solidity.ts(98,27): error TS2737: BigInt literals are not available when targeting lower than ES2020.
contract/node_modules/ox/core/Solidity.ts(98,33): error TS2737: BigInt literals are not available when targeting lower than ES2020.
contract/node_modules/ox/core/Solidity.ts(98,40): error TS2737: BigInt literals are not available when targeting lower than ES2020.
contract/node_modules/ox/core/Solidity.ts(99,27): error TS2737: BigInt literals are not available when targeting lower than ES2020.
contract/node_modules/ox/core/Solidity.ts(99,33): error TS2737: BigInt literals are not available when targeting lower than ES2020.
contract/node_modules/ox/core/Solidity.ts(99,40): error TS2737: BigInt literals are not available when targeting lower than ES2020.
contract/node_modules/ox/core/Solidity.ts(100,27): error TS2737: BigInt literals are not available when targeting lower than ES2020.
contract/node_modules/ox/core/Solidity.ts(100,33): error TS2737: BigInt literals are not available when targeting lower than ES2020.
contract/node_modules/ox/core/Solidity.ts(100,40): error TS2737: BigInt literals are not available when targeting lower than ES2020.
contract/node_modules/ox/core/Solidity.ts(101,27): error TS2737: BigInt literals are not available when targeting lower than ES2020.
contract/node_modules/ox/core/Solidity.ts(101,33): error TS2737: BigInt literals are not available when targeting lower than ES2020.
contract/node_modules/ox/core/Solidity.ts(101,40): error TS2737: BigInt literals are not available when targeting lower than ES2020.
contract/node_modules/ox/core/Solidity.ts(102,27): error TS2737: BigInt literals are not available when targeting lower than ES2020.
contract/node_modules/ox/core/Solidity.ts(102,33): error TS2737: BigInt literals are not available when targeting lower than ES2020.
contract/node_modules/ox/core/Solidity.ts(102,40): error TS2737: BigInt literals are not available when targeting lower than ES2020.
contract/node_modules/ox/core/Solidity.ts(103,27): error TS2737: BigInt literals are not available when targeting lower than ES2020.
contract/node_modules/ox/core/Solidity.ts(103,33): error TS2737: BigInt literals are not available when targeting lower than ES2020.
contract/node_modules/ox/core/Solidity.ts(103,40): error TS2737: BigInt literals are not available when targeting lower than ES2020.
contract/node_modules/ox/core/Solidity.ts(104,27): error TS2737: BigInt literals are not available when targeting lower than ES2020.
contract/node_modules/ox/core/Solidity.ts(104,33): error TS2737: BigInt literals are not available when targeting lower than ES2020.
contract/node_modules/ox/core/Solidity.ts(104,40): error TS2737: BigInt literals are not available when targeting lower than ES2020.
contract/node_modules/ox/core/Solidity.ts(105,27): error TS2737: BigInt literals are not available when targeting lower than ES2020.
contract/node_modules/ox/core/Solidity.ts(105,33): error TS2737: BigInt literals are not available when targeting lower than ES2020.
contract/node_modules/ox/core/Solidity.ts(105,40): error TS2737: BigInt literals are not available when targeting lower than ES2020.
contract/node_modules/ox/core/Solidity.ts(106,27): error TS2737: BigInt literals are not available when targeting lower than ES2020.
contract/node_modules/ox/core/Solidity.ts(106,33): error TS2737: BigInt literals are not available when targeting lower than ES2020.
contract/node_modules/ox/core/Solidity.ts(106,40): error TS2737: BigInt literals are not available when targeting lower than ES2020.
contract/node_modules/ox/core/Solidity.ts(107,27): error TS2737: BigInt literals are not available when targeting lower than ES2020.
contract/node_modules/ox/core/Solidity.ts(107,33): error TS2737: BigInt literals are not available when targeting lower than ES2020.
contract/node_modules/ox/core/Solidity.ts(107,40): error TS2737: BigInt literals are not available when targeting lower than ES2020.
contract/node_modules/ox/core/Solidity.ts(108,27): error TS2737: BigInt literals are not available when targeting lower than ES2020.
contract/node_modules/ox/core/Solidity.ts(108,33): error TS2737: BigInt literals are not available when targeting lower than ES2020.
contract/node_modules/ox/core/Solidity.ts(108,40): error TS2737: BigInt literals are not available when targeting lower than ES2020.
contract/node_modules/ox/core/Solidity.ts(109,27): error TS2737: BigInt literals are not available when targeting lower than ES2020.
contract/node_modules/ox/core/Solidity.ts(109,33): error TS2737: BigInt literals are not available when targeting lower than ES2020.
contract/node_modules/ox/core/Solidity.ts(109,40): error TS2737: BigInt literals are not available when targeting lower than ES2020.
contract/node_modules/ox/core/Value.ts(128,38): error TS2737: BigInt literals are not available when targeting lower than ES2020.
contract/node_modules/ox/core/Value.ts(144,38): error TS2737: BigInt literals are not available when targeting lower than ES2020.
contract/node_modules/ox/tempo/AuthorizationTempo.ts(411,29): error TS2737: BigInt literals are not available when targeting lower than ES2020.
contract/node_modules/ox/tempo/KeyAuthorization.ts(320,33): error TS2737: BigInt literals are not available when targeting lower than ES2020.
contract/node_modules/ox/tempo/KeyAuthorization.ts(533,15): error TS2737: BigInt literals are not available when targeting lower than ES2020.
contract/node_modules/ox/tempo/KeyAuthorization.ts(541,26): error TS2737: BigInt literals are not available when targeting lower than ES2020.
contract/node_modules/ox/tempo/KeyAuthorization.ts(590,30): error TS2737: BigInt literals are not available when targeting lower than ES2020.
contract/node_modules/ox/tempo/KeyAuthorization.ts(607,17): error TS2737: BigInt literals are not available when targeting lower than ES2020.
contract/node_modules/ox/tempo/SignatureEnvelope.ts(549,44): error TS2339: Property 'prehash' does not exist on type 'Secp256k1Flat<bigint, number> | UnionPartialBy<SignatureEnvelope<bigint, number>, "type" | "prehash">'.
  Property 'prehash' does not exist on type 'Secp256k1Flat<bigint, number>'.
contract/node_modules/ox/tempo/TxEnvelopeTempo.ts(199,46): error TS2737: BigInt literals are not available when targeting lower than ES2020.
contract/node_modules/ox/tempo/TxEnvelopeTempo.ts(199,52): error TS2737: BigInt literals are not available when targeting lower than ES2020.
contract/node_modules/ox/tempo/TxEnvelopeTempo.ts(199,59): error TS2737: BigInt literals are not available when targeting lower than ES2020.
contract/node_modules/ox/tempo/TxEnvelopeTempo.ts(311,42): error TS2737: BigInt literals are not available when targeting lower than ES2020.
contract/node_modules/ox/tempo/TxEnvelopeTempo.ts(317,48): error TS2737: BigInt literals are not available when targeting lower than ES2020.
contract/scripts/send-op-tx.ts(3,9): error TS2339: Property 'viem' does not exist on type 'NetworkConnection<"op">'.
contract/scripts/send-op-tx.ts(18,10): error TS2737: BigInt literals are not available when targeting lower than ES2020.
contract/scripts/send-op-tx.ts(26,10): error TS2737: BigInt literals are not available when targeting lower than ES2020.
contract/test/Counter.ts(7,11): error TS2339: Property 'viem' does not exist on type 'NetworkConnection<"generic">'.
contract/test/Counter.ts(17,8): error TS2737: BigInt literals are not available when targeting lower than ES2020.
contract/test/Counter.ts(26,18): error TS2737: BigInt literals are not available when targeting lower than ES2020.
contract/test/Counter.ts(26,27): error TS2737: BigInt literals are not available when targeting lower than ES2020.
contract/test/Counter.ts(39,17): error TS2737: BigInt literals are not available when targeting lower than ES2020.
contracts/hardhat.config.ts(1,30): error TS2307: Cannot find module 'hardhat/config' or its corresponding type declarations.
  There are types at 'C:/Users/dimon/Documents/GITHUB - CCP/VoteBlock-web/contract/node_modules/hardhat/dist/src/config.d.ts', but this result could not be resolved under your current 'moduleResolution' setting. Consider updating to 'node16', 'nodenext', or 'bundler'.
contracts/test/Voting.test.ts(1,24): error TS2307: Cannot find module 'chai' or its corresponding type declarations.
contracts/test/Voting.test.ts(2,24): error TS2307: Cannot find module 'hardhat' or its corresponding type declarations.
contracts/test/Voting.test.ts(3,24): error TS2307: Cannot find module '../typechain-types' or its corresponding type declarations.
contracts/test/Voting.test.ts(5,1): error TS2582: Cannot find name 'describe'. Do you need to install type definitions for a test runner? Try `npm i --save-dev @types/jest` or `npm i --save-dev @types/mocha`.
contracts/test/Voting.test.ts(14,5): error TS2304: Cannot find name 'beforeEach'.
contracts/test/Voting.test.ts(20,5): error TS2582: Cannot find name 'it'. Do you need to install type definitions for a test runner? Try `npm i --save-dev @types/jest` or `npm i --save-dev @types/mocha`.
contracts/test/Voting.test.ts(31,5): error TS2582: Cannot find name 'it'. Do you need to install type definitions for a test runner? Try `npm i --save-dev @types/jest` or `npm i --save-dev @types/mocha`.
contracts/test/Voting.test.ts(41,5): error TS2582: Cannot find name 'it'. Do you need to install type definitions for a test runner? Try `npm i --save-dev @types/jest` or `npm i --save-dev @types/mocha`.
contracts/test/Voting.test.ts(46,5): error TS2582: Cannot find name 'it'. Do you need to install type definitions for a test runner? Try `npm i --save-dev @types/jest` or `npm i --save-dev @types/mocha`.
contracts/test/Voting.test.ts(50,5): error TS2582: Cannot find name 'it'. Do you need to install type definitions for a test runner? Try `npm i --save-dev @types/jest` or `npm i --save-dev @types/mocha`.
src/app/lib/utils.ts(1,39): error TS2307: Cannot find module 'clsx' or its corresponding type declarations.
src/app/lib/utils.ts(2,25): error TS2307: Cannot find module 'tailwind-merge' or its corresponding type declarations.
src/components/AppLayout.tsx(1,48): error TS2307: Cannot find module 'react-router-dom' or its corresponding type declarations.
src/components/AppLayout.tsx(39,19): error TS2322: Type '{ children: (string | Element)[]; variant: string; size: string; className: string; }' is not assignable to type 'IntrinsicAttributes & ButtonProps & RefAttributes<HTMLButtonElement>'.
  Property 'variant' does not exist on type 'IntrinsicAttributes & ButtonProps & RefAttributes<HTMLButtonElement>'.
src/components/AppLayout.tsx(51,19): error TS2322: Type '{ children: (string | Element)[]; variant: string; size: string; className: string; }' is not assignable to type 'IntrinsicAttributes & ButtonProps & RefAttributes<HTMLButtonElement>'.
  Property 'variant' does not exist on type 'IntrinsicAttributes & ButtonProps & RefAttributes<HTMLButtonElement>'.
src/components/AppLayout.tsx(64,21): error TS2322: Type '{ children: Element; variant: string; size: string; onClick: () => void; }' is not assignable to type 'IntrinsicAttributes & ButtonProps & RefAttributes<HTMLButtonElement>'.
  Property 'variant' does not exist on type 'IntrinsicAttributes & ButtonProps & RefAttributes<HTMLButtonElement>'.
src/components/NavLink.tsx(1,56): error TS2307: Cannot find module 'react-router-dom' or its corresponding type declarations.
src/components/NavLink.tsx(3,20): error TS2307: Cannot find module '@/lib/utils' or its corresponding type declarations.
src/components/ui/accordion.tsx(2,37): error TS2307: Cannot find module '@radix-ui/react-accordion' or its corresponding type declarations.
src/components/ui/accordion.tsx(5,20): error TS2307: Cannot find module '@/lib/utils' or its corresponding type declarations.
src/components/ui/alert-dialog.tsx(2,39): error TS2307: Cannot find module '@radix-ui/react-alert-dialog' or its corresponding type declarations.
src/components/ui/alert-dialog.tsx(4,20): error TS2307: Cannot find module '@/lib/utils' or its corresponding type declarations.
src/components/ui/alert.tsx(2,40): error TS2307: Cannot find module 'class-variance-authority' or its corresponding type declarations.
src/components/ui/alert.tsx(4,20): error TS2307: Cannot find module '@/lib/utils' or its corresponding type declarations.
src/components/ui/aspect-ratio.tsx(1,39): error TS2307: Cannot find module '@radix-ui/react-aspect-ratio' or its corresponding type declarations.
src/components/ui/avatar.tsx(2,34): error TS2307: Cannot find module '@radix-ui/react-avatar' or its corresponding type declarations.
src/components/ui/avatar.tsx(4,20): error TS2307: Cannot find module '@/lib/utils' or its corresponding type declarations.
src/components/ui/badge.tsx(2,40): error TS2307: Cannot find module 'class-variance-authority' or its corresponding type declarations.
src/components/ui/badge.tsx(4,20): error TS2307: Cannot find module '@/lib/utils' or its corresponding type declarations.
src/components/ui/badge.tsx(25,29): error TS2339: Property 'variant' does not exist on type 'BadgeProps'.
src/components/ui/breadcrumb.tsx(2,22): error TS2307: Cannot find module '@radix-ui/react-slot' or its corresponding type declarations.
src/components/ui/breadcrumb.tsx(5,20): error TS2307: Cannot find module '@/lib/utils' or its corresponding type declarations.
src/components/ui/button.tsx(2,22): error TS2307: Cannot find module '@radix-ui/react-slot' or its corresponding type declarations.
src/components/ui/button.tsx(3,40): error TS2307: Cannot find module 'class-variance-authority' or its corresponding type declarations.
src/components/ui/button.tsx(5,20): error TS2307: Cannot find module '@/lib/utils' or its corresponding type declarations.
src/components/ui/button.tsx(40,17): error TS2339: Property 'variant' does not exist on type 'ButtonProps'.
src/components/ui/button.tsx(40,26): error TS2339: Property 'size' does not exist on type 'ButtonProps'.
src/components/ui/calendar.tsx(3,27): error TS2307: Cannot find module 'react-day-picker' or its corresponding type declarations.
src/components/ui/calendar.tsx(5,20): error TS2307: Cannot find module '@/lib/utils' or its corresponding type declarations.
src/components/ui/card.tsx(3,20): error TS2307: Cannot find module '@/lib/utils' or its corresponding type declarations.
src/components/ui/carousel.tsx(2,61): error TS2307: Cannot find module 'embla-carousel-react' or its corresponding type declarations.
src/components/ui/carousel.tsx(5,20): error TS2307: Cannot find module '@/lib/utils' or its corresponding type declarations.
src/components/ui/carousel.tsx(169,17): error TS2339: Property 'variant' does not exist on type 'Omit<ButtonProps & RefAttributes<HTMLButtonElement>, "ref">'.
src/components/ui/carousel.tsx(169,38): error TS2339: Property 'size' does not exist on type 'Omit<ButtonProps & RefAttributes<HTMLButtonElement>, "ref">'.
src/components/ui/carousel.tsx(175,9): error TS2322: Type '{ children: Element[]; key?: Key; value?: string | number | readonly string[]; dir?: string; type?: "button" | "submit" | "reset"; prefix?: string; name?: string; typeof?: string; id?: string; nonce?: string; ... 283 more ...; className: any; }' is not assignable to type 'IntrinsicAttributes & ButtonProps & RefAttributes<HTMLButtonElement>'.
  Property 'variant' does not exist on type 'IntrinsicAttributes & ButtonProps & RefAttributes<HTMLButtonElement>'.
src/components/ui/carousel.tsx(197,17): error TS2339: Property 'variant' does not exist on type 'Omit<ButtonProps & RefAttributes<HTMLButtonElement>, "ref">'.
src/components/ui/carousel.tsx(197,38): error TS2339: Property 'size' does not exist on type 'Omit<ButtonProps & RefAttributes<HTMLButtonElement>, "ref">'.
src/components/ui/carousel.tsx(203,9): error TS2322: Type '{ children: Element[]; key?: Key; value?: string | number | readonly string[]; dir?: string; type?: "button" | "submit" | "reset"; prefix?: string; name?: string; typeof?: string; id?: string; nonce?: string; ... 283 more ...; className: any; }' is not assignable to type 'IntrinsicAttributes & ButtonProps & RefAttributes<HTMLButtonElement>'.
  Property 'variant' does not exist on type 'IntrinsicAttributes & ButtonProps & RefAttributes<HTMLButtonElement>'.
src/components/ui/chart.tsx(2,36): error TS2307: Cannot find module 'recharts' or its corresponding type declarations.
src/components/ui/chart.tsx(4,20): error TS2307: Cannot find module '@/lib/utils' or its corresponding type declarations.
src/components/ui/checkbox.tsx(2,36): error TS2307: Cannot find module '@radix-ui/react-checkbox' or its corresponding type declarations.
src/components/ui/checkbox.tsx(5,20): error TS2307: Cannot find module '@/lib/utils' or its corresponding type declarations.
src/components/ui/collapsible.tsx(1,39): error TS2307: Cannot find module '@radix-ui/react-collapsible' or its corresponding type declarations.
src/components/ui/command.tsx(2,34): error TS2307: Cannot find module '@radix-ui/react-dialog' or its corresponding type declarations.
src/components/ui/command.tsx(3,45): error TS2307: Cannot find module 'cmdk' or its corresponding type declarations.
src/components/ui/command.tsx(6,20): error TS2307: Cannot find module '@/lib/utils' or its corresponding type declarations.
src/components/ui/command.tsx(26,26): error TS2339: Property 'children' does not exist on type 'CommandDialogProps'.
src/components/ui/context-menu.tsx(2,39): error TS2307: Cannot find module '@radix-ui/react-context-menu' or its corresponding type declarations.
src/components/ui/context-menu.tsx(5,20): error TS2307: Cannot find module '@/lib/utils' or its corresponding type declarations.
src/components/ui/dialog.tsx(2,34): error TS2307: Cannot find module '@radix-ui/react-dialog' or its corresponding type declarations.
src/components/ui/dialog.tsx(5,20): error TS2307: Cannot find module '@/lib/utils' or its corresponding type declarations.
src/components/ui/drawer.tsx(2,43): error TS2307: Cannot find module 'vaul' or its corresponding type declarations.
src/components/ui/drawer.tsx(4,20): error TS2307: Cannot find module '@/lib/utils' or its corresponding type declarations.
src/components/ui/dropdown-menu.tsx(2,40): error TS2307: Cannot find module '@radix-ui/react-dropdown-menu' or its corresponding type declarations.
src/components/ui/dropdown-menu.tsx(5,20): error TS2307: Cannot find module '@/lib/utils' or its corresponding type declarations.
src/components/ui/form.tsx(2,33): error TS2307: Cannot find module '@radix-ui/react-label' or its corresponding type declarations.
src/components/ui/form.tsx(3,22): error TS2307: Cannot find module '@radix-ui/react-slot' or its corresponding type declarations.
src/components/ui/form.tsx(4,99): error TS2307: Cannot find module 'react-hook-form' or its corresponding type declarations.
src/components/ui/form.tsx(6,20): error TS2307: Cannot find module '@/lib/utils' or its corresponding type declarations.
src/components/ui/hover-card.tsx(2,37): error TS2307: Cannot find module '@radix-ui/react-hover-card' or its corresponding type declarations.
src/components/ui/hover-card.tsx(4,20): error TS2307: Cannot find module '@/lib/utils' or its corresponding type declarations.
src/components/ui/input-otp.tsx(2,43): error TS2307: Cannot find module 'input-otp' or its corresponding type declarations.
src/components/ui/input-otp.tsx(5,20): error TS2307: Cannot find module '@/lib/utils' or its corresponding type declarations.
src/components/ui/input-otp.tsx(29,60): error TS2339: Property 'slots' does not exist on type 'unknown'.
src/components/ui/input.tsx(3,20): error TS2307: Cannot find module '@/lib/utils' or its corresponding type declarations.
src/components/ui/label.tsx(2,33): error TS2307: Cannot find module '@radix-ui/react-label' or its corresponding type declarations.
src/components/ui/label.tsx(3,40): error TS2307: Cannot find module 'class-variance-authority' or its corresponding type declarations.
src/components/ui/label.tsx(5,20): error TS2307: Cannot find module '@/lib/utils' or its corresponding type declarations.
src/components/ui/menubar.tsx(2,35): error TS2307: Cannot find module '@radix-ui/react-menubar' or its corresponding type declarations.
src/components/ui/menubar.tsx(5,20): error TS2307: Cannot find module '@/lib/utils' or its corresponding type declarations.
src/components/ui/navigation-menu.tsx(2,42): error TS2307: Cannot find module '@radix-ui/react-navigation-menu' or its corresponding type declarations.
src/components/ui/navigation-menu.tsx(3,21): error TS2307: Cannot find module 'class-variance-authority' or its corresponding type declarations.
src/components/ui/navigation-menu.tsx(6,20): error TS2307: Cannot find module '@/lib/utils' or its corresponding type declarations.
src/components/ui/pagination.tsx(4,20): error TS2307: Cannot find module '@/lib/utils' or its corresponding type declarations.
src/components/ui/pagination.tsx(31,23): error TS2344: Type '"size"' does not satisfy the constraint 'keyof ButtonProps'.
src/components/ui/popover.tsx(2,35): error TS2307: Cannot find module '@radix-ui/react-popover' or its corresponding type declarations.
src/components/ui/popover.tsx(4,20): error TS2307: Cannot find module '@/lib/utils' or its corresponding type declarations.
src/components/ui/progress.tsx(2,36): error TS2307: Cannot find module '@radix-ui/react-progress' or its corresponding type declarations.
src/components/ui/progress.tsx(4,20): error TS2307: Cannot find module '@/lib/utils' or its corresponding type declarations.
src/components/ui/radio-group.tsx(2,38): error TS2307: Cannot find module '@radix-ui/react-radio-group' or its corresponding type declarations.
src/components/ui/radio-group.tsx(5,20): error TS2307: Cannot find module '@/lib/utils' or its corresponding type declarations.
src/components/ui/resizable.tsx(2,37): error TS2307: Cannot find module 'react-resizable-panels' or its corresponding type declarations.
src/components/ui/resizable.tsx(4,20): error TS2307: Cannot find module '@/lib/utils' or its corresponding type declarations.
src/components/ui/scroll-area.tsx(2,38): error TS2307: Cannot find module '@radix-ui/react-scroll-area' or its corresponding type declarations.
src/components/ui/scroll-area.tsx(4,20): error TS2307: Cannot find module '@/lib/utils' or its corresponding type declarations.
src/components/ui/select.tsx(2,34): error TS2307: Cannot find module '@radix-ui/react-select' or its corresponding type declarations.
src/components/ui/select.tsx(5,20): error TS2307: Cannot find module '@/lib/utils' or its corresponding type declarations.
src/components/ui/separator.tsx(2,37): error TS2307: Cannot find module '@radix-ui/react-separator' or its corresponding type declarations.
src/components/ui/separator.tsx(4,20): error TS2307: Cannot find module '@/lib/utils' or its corresponding type declarations.
src/components/ui/sheet.tsx(1,33): error TS2307: Cannot find module '@radix-ui/react-dialog' or its corresponding type declarations.
src/components/ui/sheet.tsx(2,40): error TS2307: Cannot find module 'class-variance-authority' or its corresponding type declarations.
src/components/ui/sheet.tsx(6,20): error TS2307: Cannot find module '@/lib/utils' or its corresponding type declarations.
src/components/ui/sheet.tsx(55,6): error TS2339: Property 'side' does not exist on type 'SheetContentProps'.
src/components/ui/sheet.tsx(55,22): error TS2339: Property 'className' does not exist on type 'SheetContentProps'.
src/components/ui/sheet.tsx(55,33): error TS2339: Property 'children' does not exist on type 'SheetContentProps'.
src/components/ui/sidebar.tsx(2,22): error TS2307: Cannot find module '@radix-ui/react-slot' or its corresponding type declarations.
src/components/ui/sidebar.tsx(3,35): error TS2307: Cannot find module 'class-variance-authority' or its corresponding type declarations.
src/components/ui/sidebar.tsx(6,29): error TS2307: Cannot find module '@/hooks/use-mobile' or its corresponding type declarations.
src/components/ui/sidebar.tsx(7,20): error TS2307: Cannot find module '@/lib/utils' or its corresponding type declarations.
src/components/ui/sidebar.tsx(156,10): error TS2322: Type '{ children: Element; "data-sidebar": string; "data-mobile": string; className: string; style: CSSProperties; side: "left" | "right"; }' is not assignable to type 'IntrinsicAttributes & SheetContentProps & RefAttributes<any>'.
  Property 'children' does not exist on type 'IntrinsicAttributes & SheetContentProps & RefAttributes<any>'.
src/components/ui/sidebar.tsx(227,9): error TS2322: Type '{ children: Element[]; key?: Key; value?: string | number | readonly string[]; dir?: string; type?: "button" | "submit" | "reset"; prefix?: string; name?: string; typeof?: string; id?: string; nonce?: string; ... 284 more ...; onClick: (event: MouseEvent<...>) => void; }' is not assignable to type 'IntrinsicAttributes & ButtonProps & RefAttributes<HTMLButtonElement>'.
  Property 'variant' does not exist on type 'IntrinsicAttributes & ButtonProps & RefAttributes<HTMLButtonElement>'.
src/components/ui/skeleton.tsx(1,20): error TS2307: Cannot find module '@/lib/utils' or its corresponding type declarations.
src/components/ui/slider.tsx(2,34): error TS2307: Cannot find module '@radix-ui/react-slider' or its corresponding type declarations.
src/components/ui/slider.tsx(4,20): error TS2307: Cannot find module '@/lib/utils' or its corresponding type declarations.
src/components/ui/sonner.tsx(1,26): error TS2307: Cannot find module 'next-themes' or its corresponding type declarations.
src/components/ui/sonner.tsx(2,42): error TS2307: Cannot find module 'sonner' or its corresponding type declarations.
src/components/ui/switch.tsx(2,35): error TS2307: Cannot find module '@radix-ui/react-switch' or its corresponding type declarations.
src/components/ui/switch.tsx(4,20): error TS2307: Cannot find module '@/lib/utils' or its corresponding type declarations.
src/components/ui/table.tsx(3,20): error TS2307: Cannot find module '@/lib/utils' or its corresponding type declarations.
src/components/ui/tabs.tsx(2,32): error TS2307: Cannot find module '@radix-ui/react-tabs' or its corresponding type declarations.
src/components/ui/tabs.tsx(4,20): error TS2307: Cannot find module '@/lib/utils' or its corresponding type declarations.
src/components/ui/textarea.tsx(3,20): error TS2307: Cannot find module '@/lib/utils' or its corresponding type declarations.
src/components/ui/toast.tsx(2,34): error TS2307: Cannot find module '@radix-ui/react-toast' or its corresponding type declarations.
src/components/ui/toast.tsx(3,40): error TS2307: Cannot find module 'class-variance-authority' or its corresponding type declarations.
src/components/ui/toast.tsx(6,20): error TS2307: Cannot find module '@/lib/utils' or its corresponding type declarations.
src/components/ui/toaster.tsx(1,26): error TS2307: Cannot find module '@/hooks/use-toast' or its corresponding type declarations.
src/components/ui/toggle-group.tsx(2,39): error TS2307: Cannot find module '@radix-ui/react-toggle-group' or its corresponding type declarations.
src/components/ui/toggle-group.tsx(3,35): error TS2307: Cannot find module 'class-variance-authority' or its corresponding type declarations.
src/components/ui/toggle-group.tsx(5,20): error TS2307: Cannot find module '@/lib/utils' or its corresponding type declarations.
src/components/ui/toggle.tsx(2,34): error TS2307: Cannot find module '@radix-ui/react-toggle' or its corresponding type declarations.
src/components/ui/toggle.tsx(3,40): error TS2307: Cannot find module 'class-variance-authority' or its corresponding type declarations.
src/components/ui/toggle.tsx(5,20): error TS2307: Cannot find module '@/lib/utils' or its corresponding type declarations.
src/components/ui/tooltip.tsx(2,35): error TS2307: Cannot find module '@radix-ui/react-tooltip' or its corresponding type declarations.
src/components/ui/tooltip.tsx(4,20): error TS2307: Cannot find module '@/lib/utils' or its corresponding type declarations.
src/components/ui/use-toast.ts(1,33): error TS2307: Cannot find module '@/hooks/use-toast' or its corresponding type declarations.
src/contexts/AuthContext.tsx(2,23): error TS2307: Cannot find module '@/lib/types' or its corresponding type declarations.
src/contexts/AuthContext.tsx(3,28): error TS2307: Cannot find module '@/lib/mock-data' or its corresponding type declarations.
src/contexts/VoteContext.tsx(2,43): error TS2307: Cannot find module '@/lib/types' or its corresponding type declarations.
src/contexts/VoteContext.tsx(3,58): error TS2307: Cannot find module '@/lib/mock-data' or its corresponding type declarations.
